// Jest Snapshot v1, https://jestjs.io/docs/snapshot-testing

exports[`<RoomListSearch /> renders 1`] = `
<DocumentFragment>
  <div
    class="_flex_4dswl_9 mx_RoomListSearch"
    data-testid="room-list-search"
    role="search"
    style="--mx-flex-display: flex; --mx-flex-direction: row; --mx-flex-align: center; --mx-flex-justify: start; --mx-flex-gap: var(--cpd-space-2x); --mx-flex-wrap: nowrap;"
  >
    <label
      class="mx_RoomListSearch_inputWrapper mx_no_textinput"
      for="room-list-search-input"
    >
      <svg
        aria-hidden="true"
        fill="currentColor"
        height="1em"
        viewBox="0 0 24 24"
        width="1em"
        xmlns="http://www.w3.org/2000/svg"
      >
        <path
          d="M15.05 16.463a7.5 7.5 0 1 1 1.414-1.414l3.243 3.244a1 1 0 0 1-1.414 1.414zM16 10.5a5.5 5.5 0 1 0-11 0 5.5 5.5 0 0 0 11 0"
        />
      </svg>
      <input
        aria-label="Search"
        autocomplete="off"
        class="mx_RoomListSearch_input"
        id="room-list-search-input"
        placeholder="Search"
        type="search"
        value=""
      />
    </label>
  </div>
</DocumentFragment>
`;
